[INFO] Scanning for projects...
[INFO] 
[INFO] --------------< org.innovativebrains:GreenCardPredictor >---------------
[INFO] Building GreenCardPredictor 0.0.1-SNAPSHOT
[INFO]   from pom.xml
[INFO] --------------------------------[ jar ]---------------------------------
[INFO] 
[INFO] --- resources:3.3.1:resources (default-resources) @ GreenCardPredictor ---
[INFO] Copying 1 resource from src/main/resources to target/classes
[INFO] Copying 4 resources from src/main/resources to target/classes
[INFO] 
[INFO] --- compiler:3.14.1:compile (default-compile) @ GreenCardPredictor ---
[INFO] Nothing to compile - all classes are up to date.
[INFO] 
[INFO] --- resources:3.3.1:testResources (default-testResources) @ GreenCardPredictor ---
[INFO] skip non existing resourceDirectory /Users/v6efq/workspace/GreenCardPredictor/src/test/resources
[INFO] 
[INFO] --- compiler:3.14.1:testCompile (default-testCompile) @ GreenCardPredictor ---
[INFO] Nothing to compile - all classes are up to date.
[INFO] 
[INFO] --- surefire:3.5.4:test (default-test) @ GreenCardPredictor ---
[INFO] Using auto detected provider org.apache.maven.surefire.junitplatform.JUnitPlatformProvider
[INFO] 
[INFO] -------------------------------------------------------
[INFO]  T E S T S
[INFO] -------------------------------------------------------
[INFO] Running org.innovativebrains.greencardpredictor.service.PredictionServiceTest
Processed Inventory Excel. Categories found: [PHILIPPINES_EB1, PHILIPPINES_EB2, PHILIPPINES_EB3, ROW_EB1, CHINA_EB3, CHINA_EB1, CHINA_EB2, ROW_EB2, INDIA_EB2, ROW_EB3, INDIA_EB1, INDIA_EB3, MEXICO_EB2, MEXICO_EB1, MEXICO_EB3]
Loaded I-140 Approved Excel. Yearly Data for India EB2: {2016=47462, 2017=40898, 2018=39047, 2019=43306, 2020=34976, 2021=37586, 2022=45299, 2023=39269, 2024=38842, 2025=18268, 2014=25010, 2015=31546}
Loaded I-130 Data. Total Pending: 2401268
[CALCULATION] Starting Dynamic EB Supply Calculation...
[CALCULATION] Total EB Annual Limit (including FB spillover): 140000
[CALCULATION] TOTAL visas coming to EB from Banned Countries: 84084
[CALCULATION] Processing Vertical Spillover (EB1 -> EB2 -> EB3)...
[CALCULATION] Processing Horizontal/Global Redistribution...
[CALCULATION] Dynamic supply calculation complete.
[DEBUG_LOG] India EB2 Filing Prediction: 1040 months wait (October 2112).
[DEBUG_LOG] India EB2 Final Action Prediction: 1056 months wait (February 2114).
[DEBUG_LOG] Filing Date: 2112-10-19
[DEBUG_LOG] Final Action Date: 2114-02-19
[DEBUG_LOG] Explanation: Bulletin-Anchored Prediction. Filing Cut-off: 2013-12-01, Final Action Cut-off: 2013-07-15. Annual supply: ~2803. Inventory + I-140 Ahead of Filing PD: 242929. Priority Date: 2019-12-12. Note: Supply includes redistributed unused visas from restricted countries.
[DEBUG_LOG] EXPLANATION TO CHECK: Bulletin-Anchored Prediction. Filing Cut-off: 2013-12-01, Final Action Cut-off: 2013-07-15. Annual supply: ~2803. Inventory + I-140 Ahead of Filing PD: 242929. Priority Date: 2019-12-12. Note: Supply includes redistributed unused visas from restricted countries.
Processed Inventory Excel. Categories found: [PHILIPPINES_EB1, PHILIPPINES_EB2, PHILIPPINES_EB3, ROW_EB1, CHINA_EB3, CHINA_EB1, CHINA_EB2, ROW_EB2, INDIA_EB2, ROW_EB3, INDIA_EB1, INDIA_EB3, MEXICO_EB2, MEXICO_EB1, MEXICO_EB3]
Loaded I-140 Approved Excel. Yearly Data for India EB2: {2016=47462, 2017=40898, 2018=39047, 2019=43306, 2020=34976, 2021=37586, 2022=45299, 2023=39269, 2024=38842, 2025=18268, 2014=25010, 2015=31546}
Loaded I-130 Data. Total Pending: 2401268
[DEBUG_LOG] Restricted Country Prediction Result: Currently, issuance of Green Cards for individuals from RUSSIA is suspended due to recent executive actions. Predicting wait times is not possible under current policy.
Processed Inventory Excel. Categories found: [PHILIPPINES_EB1, PHILIPPINES_EB2, PHILIPPINES_EB3, ROW_EB1, CHINA_EB3, CHINA_EB1, CHINA_EB2, ROW_EB2, INDIA_EB2, ROW_EB3, INDIA_EB1, INDIA_EB3, MEXICO_EB2, MEXICO_EB1, MEXICO_EB3]
Loaded I-140 Approved Excel. Yearly Data for India EB2: {2016=47462, 2017=40898, 2018=39047, 2019=43306, 2020=34976, 2021=37586, 2022=45299, 2023=39269, 2024=38842, 2025=18268, 2014=25010, 2015=31546}
Loaded I-130 Data. Total Pending: 2401268
[CALCULATION] Starting Dynamic EB Supply Calculation...
[CALCULATION] Total EB Annual Limit (including FB spillover): 140000
[CALCULATION] TOTAL visas coming to EB from Banned Countries: 84084
[CALCULATION] Processing Vertical Spillover (EB1 -> EB2 -> EB3)...
[CALCULATION] Processing Horizontal/Global Redistribution...
[CALCULATION] Dynamic supply calculation complete.
[CALCULATION] Starting Dynamic EB Supply Calculation...
[CALCULATION] Total EB Annual Limit (including FB spillover): 240000
[CALCULATION] TOTAL visas coming to EB from Banned Countries: 144144
[CALCULATION] Processing Vertical Spillover (EB1 -> EB2 -> EB3)...
[CALCULATION] Processing Horizontal/Global Redistribution...
[CALCULATION] Dynamic supply calculation complete.
[DEBUG_LOG] Low Spillover (0) Final Wait: June 2114
[DEBUG_LOG] High Spillover (100k) Final Wait: August 2077
[DEBUG_LOG] Difference in months: 442
Processed Inventory Excel. Categories found: [PHILIPPINES_EB1, PHILIPPINES_EB2, PHILIPPINES_EB3, ROW_EB1, CHINA_EB3, CHINA_EB1, CHINA_EB2, ROW_EB2, INDIA_EB2, ROW_EB3, INDIA_EB1, INDIA_EB3, MEXICO_EB2, MEXICO_EB1, MEXICO_EB3]
Loaded I-140 Approved Excel. Yearly Data for India EB2: {2016=47462, 2017=40898, 2018=39047, 2019=43306, 2020=34976, 2021=37586, 2022=45299, 2023=39269, 2024=38842, 2025=18268, 2014=25010, 2015=31546}
Loaded I-130 Data. Total Pending: 2401268
[CALCULATION] Starting Dynamic EB Supply Calculation...
[CALCULATION] Total EB Annual Limit (including FB spillover): 140000
[CALCULATION] TOTAL visas coming to EB from Banned Countries: 84084
[CALCULATION] Processing Vertical Spillover (EB1 -> EB2 -> EB3)...
[CALCULATION] Processing Horizontal/Global Redistribution...
[CALCULATION] Dynamic supply calculation complete.
[DEBUG_LOG] India EB2 Explanation with restricted spillovers: Bulletin-Anchored Prediction. Filing Cut-off: 2013-12-01, Final Action Cut-off: 2013-07-15. Annual supply: ~2803. Inventory + I-140 Ahead of Filing PD: 28. Priority Date: 2013-12-02. Note: Supply includes redistributed unused visas from restricted countries.
Processed Inventory Excel. Categories found: [PHILIPPINES_EB1, PHILIPPINES_EB2, PHILIPPINES_EB3, ROW_EB1, CHINA_EB3, CHINA_EB1, CHINA_EB2, ROW_EB2, INDIA_EB2, ROW_EB3, INDIA_EB1, INDIA_EB3, MEXICO_EB2, MEXICO_EB1, MEXICO_EB3]
Loaded I-140 Approved Excel. Yearly Data for India EB2: {2016=47462, 2017=40898, 2018=39047, 2019=43306, 2020=34976, 2021=37586, 2022=45299, 2023=39269, 2024=38842, 2025=18268, 2014=25010, 2015=31546}
Loaded I-130 Data. Total Pending: 2401268
[CALCULATION] Starting Dynamic EB Supply Calculation...
[CALCULATION] Total EB Annual Limit (including FB spillover): 140000
[CALCULATION] TOTAL visas coming to EB from Banned Countries: 84084
[CALCULATION] Processing Vertical Spillover (EB1 -> EB2 -> EB3)...
[CALCULATION] Processing Horizontal/Global Redistribution...
[CALCULATION] Dynamic supply calculation complete.
[DEBUG_LOG] China EB1 Prediction: 0 months wait.
[DEBUG_LOG] Explanation: Bulletin-Anchored Prediction. Filing Cut-off: 2023-08-01, Final Action Cut-off: 2023-02-01. Annual supply: ~2803. Inventory + I-140 Ahead of Filing PD: 0. Priority Date: 2022-01-01. Note: Supply includes redistributed unused visas from restricted countries.
[INFO] Tests run: 5, Failures: 0, Errors: 0, Skipped: 0, Time elapsed: 1.192 s -- in org.innovativebrains.greencardpredictor.service.PredictionServiceTest
[INFO] 
[INFO] Results:
[INFO] 
[INFO] Tests run: 5, Failures: 0, Errors: 0, Skipped: 0
[INFO] 
[INFO] ------------------------------------------------------------------------
[INFO] BUILD SUCCESS
[INFO] ------------------------------------------------------------------------
[INFO] Total time:  2.219 s
[INFO] Finished at: 2026-02-19T12:21:43-05:00
[INFO] ------------------------------------------------------------------------
